
>>> BinomialTransform([1,2,3])
[1, -1, 0]
>>> BinomialTransform([1,2,3,4,5])
[1, -1, 0, 0, 0]
>>> BinomialTransform(range(1,21))
[1, -1, 0, 0, 0, 0, 0, 0, 0, 0, 0, 0, 0, 0, 0, 0, 0, 0, 0L, 0L]
>>> goto1 = [(2**(2*n)-1)/3 for n in range(1,21)]
>>> goto1
[1, 5, 21, 85, 341, 1365, 5461, 21845, 87381, 349525, 1398101, 5592405, 22369621, 89478485, 357913941, 1431655765L, 5726623061L, 22906492245L, 91625968981L, 366503875925L]
>>> BinomialTransform(goto1)
[1, -4, 12, -36, 108, -324, 972, -2916, 8748, -26244, 78732, -236196, 708588, -2125764, 6377292, -19131876L, 57395628L, -172186884L, 516560652L, -1549681956L]
>>> BinomialTransform([3**n for n in range(21))
		  
SyntaxError: invalid syntax
>>> [3**n for n in range(21)]
[1, 3, 9, 27, 81, 243, 729, 2187, 6561, 19683, 59049, 177147, 531441, 1594323, 4782969, 14348907, 43046721, 129140163, 387420489, 1162261467, 3486784401L]
>>> BinomialTransform([3**n for n in range(21)])
[1, -2, 4, -8, 16, -32, 64, -128, 256, -512, 1024, -2048, 4096, -8192, 16384, -32768, 65536, -131072L, 262144L, -524288L, 1048576L]
>>> 